[2025-11-17 08:08:06.492 +01:00 INF] Starting Invoice Backend API {"MachineName":"Oluseuns-MacBook-Pro","ThreadId":1,"EnvironmentName":"Development"}
[2025-11-17 08:08:06.735 +01:00 INF] Invoice Backend API started successfully {"MachineName":"Oluseuns-MacBook-Pro","ThreadId":1,"EnvironmentName":"Development"}
[2025-11-17 08:23:33.423 +01:00 INF] Starting Invoice Backend API {"MachineName":"Oluseuns-MacBook-Pro","ThreadId":1,"EnvironmentName":"Development"}
[2025-11-17 08:23:33.641 +01:00 INF] Invoice Backend API started successfully {"MachineName":"Oluseuns-MacBook-Pro","ThreadId":1,"EnvironmentName":"Development"}
[2025-11-17 08:28:35.009 +01:00 INF] Starting Invoice Backend API {"MachineName":"Oluseuns-MacBook-Pro","ThreadId":4,"EnvironmentName":"Development"}
[2025-11-17 08:28:35.123 +01:00 FTL] Invoice Backend API failed to start {"MachineName":"Oluseuns-MacBook-Pro","ThreadId":4,"EnvironmentName":"Development"}
Microsoft.Extensions.Hosting.HostAbortedException: The host was aborted.
   at Microsoft.Extensions.Hosting.HostFactoryResolver.HostingListener.ThrowHostAborted()
   at Microsoft.Extensions.Hosting.HostFactoryResolver.HostingListener.OnNext(KeyValuePair`2 value)
   at System.Diagnostics.DiagnosticListener.Write(String name, Object value)
   at System.Diagnostics.DiagnosticSource.Write[T](String name, T value)
   at Microsoft.Extensions.Hosting.HostBuilder.ResolveHost(IServiceProvider serviceProvider, DiagnosticListener diagnosticListener)
   at Microsoft.Extensions.Hosting.HostApplicationBuilder.Build()
   at Microsoft.AspNetCore.Builder.WebApplicationBuilder.Build()
   at Program.<Main>$(String[] args) in /Users/oluseun/Projects/Michaelson/invoice-backend/Program.cs:line 64
[2025-11-17 08:28:58.801 +01:00 INF] Starting Invoice Backend API {"MachineName":"Oluseuns-MacBook-Pro","ThreadId":4,"EnvironmentName":"Development"}
[2025-11-17 08:28:58.931 +01:00 FTL] Invoice Backend API failed to start {"MachineName":"Oluseuns-MacBook-Pro","ThreadId":4,"EnvironmentName":"Development"}
Microsoft.Extensions.Hosting.HostAbortedException: The host was aborted.
   at Microsoft.Extensions.Hosting.HostFactoryResolver.HostingListener.ThrowHostAborted()
   at Microsoft.Extensions.Hosting.HostFactoryResolver.HostingListener.OnNext(KeyValuePair`2 value)
   at System.Diagnostics.DiagnosticListener.Write(String name, Object value)
   at System.Diagnostics.DiagnosticSource.Write[T](String name, T value)
   at Microsoft.Extensions.Hosting.HostBuilder.ResolveHost(IServiceProvider serviceProvider, DiagnosticListener diagnosticListener)
   at Microsoft.Extensions.Hosting.HostApplicationBuilder.Build()
   at Microsoft.AspNetCore.Builder.WebApplicationBuilder.Build()
   at Program.<Main>$(String[] args) in /Users/oluseun/Projects/Michaelson/invoice-backend/Program.cs:line 64
[2025-11-17 08:30:40.751 +01:00 INF] Starting Invoice Backend API {"MachineName":"Oluseuns-MacBook-Pro","ThreadId":1,"EnvironmentName":"Development"}
[2025-11-17 08:30:40.906 +01:00 INF] Invoice Backend API started successfully {"MachineName":"Oluseuns-MacBook-Pro","ThreadId":1,"EnvironmentName":"Development"}
[2025-11-17 08:30:40.951 +01:00 ERR] Hosting failed to start {"EventId":{"Id":11,"Name":"HostedServiceStartupFaulted"},"SourceContext":"Microsoft.Extensions.Hosting.Internal.Host","MachineName":"Oluseuns-MacBook-Pro","ThreadId":1,"EnvironmentName":"Development"}
System.IO.IOException: Failed to bind to address http://127.0.0.1:5139: address already in use.
 ---> Microsoft.AspNetCore.Connections.AddressInUseException: Address already in use
 ---> System.Net.Sockets.SocketException (48): Address already in use
   at System.Net.Sockets.Socket.DoBind(EndPoint endPointSnapshot, SocketAddress socketAddress)
   at System.Net.Sockets.Socket.Bind(EndPoint localEP)
   at Microsoft.AspNetCore.Server.Kestrel.Transport.Sockets.SocketTransportOptions.CreateDefaultBoundListenSocket(EndPoint endpoint)
   at Microsoft.AspNetCore.Server.Kestrel.Transport.Sockets.SocketConnectionListener.Bind()
   --- End of inner exception stack trace ---
   at Microsoft.AspNetCore.Server.Kestrel.Transport.Sockets.SocketConnectionListener.Bind()
   at Microsoft.AspNetCore.Server.Kestrel.Transport.Sockets.SocketTransportFactory.BindAsync(EndPoint endpoint, CancellationToken cancellationToken)
   at Microsoft.AspNetCore.Server.Kestrel.Core.Internal.Infrastructure.TransportManager.BindAsync(EndPoint endPoint, ConnectionDelegate connectionDelegate, EndpointConfig endpointConfig, CancellationToken cancellationToken)
   at Microsoft.AspNetCore.Server.Kestrel.Core.KestrelServerImpl.<>c__DisplayClass28_0`1.<<StartAsync>g__OnBind|0>d.MoveNext()
--- End of stack trace from previous location ---
   at Microsoft.AspNetCore.Server.Kestrel.Core.Internal.AddressBinder.BindEndpointAsync(ListenOptions endpoint, AddressBindContext context, CancellationToken cancellationToken)
   --- End of inner exception stack trace ---
   at Microsoft.AspNetCore.Server.Kestrel.Core.Internal.AddressBinder.BindEndpointAsync(ListenOptions endpoint, AddressBindContext context, CancellationToken cancellationToken)
   at Microsoft.AspNetCore.Server.Kestrel.Core.LocalhostListenOptions.BindAsync(AddressBindContext context, CancellationToken cancellationToken)
   at Microsoft.AspNetCore.Server.Kestrel.Core.Internal.AddressBinder.AddressesStrategy.BindAsync(AddressBindContext context, CancellationToken cancellationToken)
   at Microsoft.AspNetCore.Server.Kestrel.Core.Internal.AddressBinder.BindAsync(ListenOptions[] listenOptions, AddressBindContext context, Func`2 useHttps, CancellationToken cancellationToken)
   at Microsoft.AspNetCore.Server.Kestrel.Core.KestrelServerImpl.BindAsync(CancellationToken cancellationToken)
   at Microsoft.AspNetCore.Server.Kestrel.Core.KestrelServerImpl.StartAsync[TContext](IHttpApplication`1 application, CancellationToken cancellationToken)
   at Microsoft.AspNetCore.Hosting.GenericWebHostService.StartAsync(CancellationToken cancellationToken)
   at Microsoft.Extensions.Hosting.Internal.Host.<StartAsync>b__15_1(IHostedService service, CancellationToken token)
   at Microsoft.Extensions.Hosting.Internal.Host.ForeachService[T](IEnumerable`1 services, CancellationToken token, Boolean concurrent, Boolean abortOnFirstException, List`1 exceptions, Func`3 operation)
[2025-11-17 08:30:40.967 +01:00 FTL] Invoice Backend API failed to start {"MachineName":"Oluseuns-MacBook-Pro","ThreadId":1,"EnvironmentName":"Development"}
System.IO.IOException: Failed to bind to address http://127.0.0.1:5139: address already in use.
 ---> Microsoft.AspNetCore.Connections.AddressInUseException: Address already in use
 ---> System.Net.Sockets.SocketException (48): Address already in use
   at System.Net.Sockets.Socket.DoBind(EndPoint endPointSnapshot, SocketAddress socketAddress)
   at System.Net.Sockets.Socket.Bind(EndPoint localEP)
   at Microsoft.AspNetCore.Server.Kestrel.Transport.Sockets.SocketTransportOptions.CreateDefaultBoundListenSocket(EndPoint endpoint)
   at Microsoft.AspNetCore.Server.Kestrel.Transport.Sockets.SocketConnectionListener.Bind()
   --- End of inner exception stack trace ---
   at Microsoft.AspNetCore.Server.Kestrel.Transport.Sockets.SocketConnectionListener.Bind()
   at Microsoft.AspNetCore.Server.Kestrel.Transport.Sockets.SocketTransportFactory.BindAsync(EndPoint endpoint, CancellationToken cancellationToken)
   at Microsoft.AspNetCore.Server.Kestrel.Core.Internal.Infrastructure.TransportManager.BindAsync(EndPoint endPoint, ConnectionDelegate connectionDelegate, EndpointConfig endpointConfig, CancellationToken cancellationToken)
   at Microsoft.AspNetCore.Server.Kestrel.Core.KestrelServerImpl.<>c__DisplayClass28_0`1.<<StartAsync>g__OnBind|0>d.MoveNext()
--- End of stack trace from previous location ---
   at Microsoft.AspNetCore.Server.Kestrel.Core.Internal.AddressBinder.BindEndpointAsync(ListenOptions endpoint, AddressBindContext context, CancellationToken cancellationToken)
   --- End of inner exception stack trace ---
   at Microsoft.AspNetCore.Server.Kestrel.Core.Internal.AddressBinder.BindEndpointAsync(ListenOptions endpoint, AddressBindContext context, CancellationToken cancellationToken)
   at Microsoft.AspNetCore.Server.Kestrel.Core.LocalhostListenOptions.BindAsync(AddressBindContext context, CancellationToken cancellationToken)
   at Microsoft.AspNetCore.Server.Kestrel.Core.Internal.AddressBinder.AddressesStrategy.BindAsync(AddressBindContext context, CancellationToken cancellationToken)
   at Microsoft.AspNetCore.Server.Kestrel.Core.Internal.AddressBinder.BindAsync(ListenOptions[] listenOptions, AddressBindContext context, Func`2 useHttps, CancellationToken cancellationToken)
   at Microsoft.AspNetCore.Server.Kestrel.Core.KestrelServerImpl.BindAsync(CancellationToken cancellationToken)
   at Microsoft.AspNetCore.Server.Kestrel.Core.KestrelServerImpl.StartAsync[TContext](IHttpApplication`1 application, CancellationToken cancellationToken)
   at Microsoft.AspNetCore.Hosting.GenericWebHostService.StartAsync(CancellationToken cancellationToken)
   at Microsoft.Extensions.Hosting.Internal.Host.<StartAsync>b__15_1(IHostedService service, CancellationToken token)
   at Microsoft.Extensions.Hosting.Internal.Host.ForeachService[T](IEnumerable`1 services, CancellationToken token, Boolean concurrent, Boolean abortOnFirstException, List`1 exceptions, Func`3 operation)
   at Microsoft.Extensions.Hosting.Internal.Host.StartAsync(CancellationToken cancellationToken)
   at Microsoft.Extensions.Hosting.HostingAbstractionsHostExtensions.RunAsync(IHost host, CancellationToken token)
   at Microsoft.Extensions.Hosting.HostingAbstractionsHostExtensions.RunAsync(IHost host, CancellationToken token)
   at Microsoft.Extensions.Hosting.HostingAbstractionsHostExtensions.Run(IHost host)
   at Program.<Main>$(String[] args) in /Users/oluseun/Projects/Michaelson/invoice-backend/Program.cs:line 81
[2025-11-17 08:30:57.566 +01:00 INF] Starting Invoice Backend API {"MachineName":"Oluseuns-MacBook-Pro","ThreadId":1,"EnvironmentName":"Development"}
[2025-11-17 08:30:57.788 +01:00 INF] Invoice Backend API started successfully {"MachineName":"Oluseuns-MacBook-Pro","ThreadId":1,"EnvironmentName":"Development"}
[2025-11-17 08:52:25.939 +01:00 INF] Starting Invoice Backend API {"MachineName":"Oluseuns-MacBook-Pro","ThreadId":1,"EnvironmentName":"Development"}
[2025-11-17 08:52:26.172 +01:00 INF] Invoice Backend API started successfully {"MachineName":"Oluseuns-MacBook-Pro","ThreadId":1,"EnvironmentName":"Development"}
[2025-11-17 08:54:15.845 +01:00 WRN] Failed to determine the https port for redirect. {"EventId":{"Id":3,"Name":"FailedToDeterminePort"},"SourceContext":"Microsoft.AspNetCore.HttpsPolicy.HttpsRedirectionMiddleware","RequestId":"0HNH5LP13GHQR:00000001","RequestPath":"/api/Auth/register","ConnectionId":"0HNH5LP13GHQR","MachineName":"Oluseuns-MacBook-Pro","ThreadId":22,"EnvironmentName":"Development"}
[2025-11-17 08:54:15.950 +01:00 INF] Registration request received for email: oluseun.akintayo@gmail.com {"SourceContext":"invoice_backend.Controllers.AuthController","ActionId":"8aca60cf-aba1-4692-9eab-b9a7faf403c3","ActionName":"invoice_backend.Controllers.AuthController.Register (invoice-backend)","RequestId":"0HNH5LP13GHQR:00000001","RequestPath":"/api/Auth/register","ConnectionId":"0HNH5LP13GHQR","MachineName":"Oluseuns-MacBook-Pro","ThreadId":22,"EnvironmentName":"Development"}
[2025-11-17 08:54:15.953 +01:00 INF] Registration attempt for email: oluseun.akintayo@gmail.com {"SourceContext":"invoice_backend.Services.AuthService","ActionId":"8aca60cf-aba1-4692-9eab-b9a7faf403c3","ActionName":"invoice_backend.Controllers.AuthController.Register (invoice-backend)","RequestId":"0HNH5LP13GHQR:00000001","RequestPath":"/api/Auth/register","ConnectionId":"0HNH5LP13GHQR","MachineName":"Oluseuns-MacBook-Pro","ThreadId":22,"EnvironmentName":"Development"}
[2025-11-17 08:54:16.160 +01:00 WRN] Sensitive data logging is enabled. Log entries and exception messages may include sensitive application data; this mode should only be enabled during development. {"EventId":{"Id":10400,"Name":"Microsoft.EntityFrameworkCore.Infrastructure.SensitiveDataLoggingEnabledWarning"},"SourceContext":"Microsoft.EntityFrameworkCore.Model.Validation","ActionId":"8aca60cf-aba1-4692-9eab-b9a7faf403c3","ActionName":"invoice_backend.Controllers.AuthController.Register (invoice-backend)","RequestId":"0HNH5LP13GHQR:00000001","RequestPath":"/api/Auth/register","ConnectionId":"0HNH5LP13GHQR","MachineName":"Oluseuns-MacBook-Pro","ThreadId":22,"EnvironmentName":"Development"}
[2025-11-17 08:54:16.181 +01:00 WRN] The 'Status' property 'Status' on entity type 'Invoice' is configured with a database-generated default, but has no configured sentinel value. The database-generated default will always be used for inserts when the property has the value '0', since this is the CLR default for the 'Status' type. Consider using a nullable type, using a nullable backing field, or setting the sentinel value for the property to ensure the database default is used when, and only when, appropriate. See https://aka.ms/efcore-docs-default-values for more information. {"EventId":{"Id":20601,"Name":"Microsoft.EntityFrameworkCore.Model.Validation.BoolWithDefaultWarning"},"SourceContext":"Microsoft.EntityFrameworkCore.Model.Validation","ActionId":"8aca60cf-aba1-4692-9eab-b9a7faf403c3","ActionName":"invoice_backend.Controllers.AuthController.Register (invoice-backend)","RequestId":"0HNH5LP13GHQR:00000001","RequestPath":"/api/Auth/register","ConnectionId":"0HNH5LP13GHQR","MachineName":"Oluseuns-MacBook-Pro","ThreadId":22,"EnvironmentName":"Development"}
[2025-11-17 08:54:16.182 +01:00 WRN] The 'Status' property 'Status' on entity type 'User' is configured with a database-generated default, but has no configured sentinel value. The database-generated default will always be used for inserts when the property has the value '0', since this is the CLR default for the 'Status' type. Consider using a nullable type, using a nullable backing field, or setting the sentinel value for the property to ensure the database default is used when, and only when, appropriate. See https://aka.ms/efcore-docs-default-values for more information. {"EventId":{"Id":20601,"Name":"Microsoft.EntityFrameworkCore.Model.Validation.BoolWithDefaultWarning"},"SourceContext":"Microsoft.EntityFrameworkCore.Model.Validation","ActionId":"8aca60cf-aba1-4692-9eab-b9a7faf403c3","ActionName":"invoice_backend.Controllers.AuthController.Register (invoice-backend)","RequestId":"0HNH5LP13GHQR:00000001","RequestPath":"/api/Auth/register","ConnectionId":"0HNH5LP13GHQR","MachineName":"Oluseuns-MacBook-Pro","ThreadId":22,"EnvironmentName":"Development"}
[2025-11-17 08:54:16.343 +01:00 INF] Executed DbCommand (6ms) [Parameters=[@__request_Email_0='oluseun.akintayo@gmail.com' (Size = 26)], CommandType='"Text"', CommandTimeout='30']
SELECT "u"."Id", "u"."CompanyAddress", "u"."CompanyCity", "u"."CompanyCountry", "u"."CompanyName", "u"."CompanyState", "u"."CompanyZipCode", "u"."CreatedAt", "u"."Email", "u"."FirstName", "u"."IsActive", "u"."IsArchived", "u"."LastName", "u"."ModifiedAt", "u"."PasswordHash", "u"."PhoneNumber", "u"."SoftDeletedAt", "u"."Status"
FROM "Users" AS "u"
WHERE "u"."Email" = @__request_Email_0
LIMIT 1 {"EventId":{"Id":20101,"Name":"Microsoft.EntityFrameworkCore.Database.Command.CommandExecuted"},"SourceContext":"Microsoft.EntityFrameworkCore.Database.Command","ActionId":"8aca60cf-aba1-4692-9eab-b9a7faf403c3","ActionName":"invoice_backend.Controllers.AuthController.Register (invoice-backend)","RequestId":"0HNH5LP13GHQR:00000001","RequestPath":"/api/Auth/register","ConnectionId":"0HNH5LP13GHQR","MachineName":"Oluseuns-MacBook-Pro","ThreadId":22,"EnvironmentName":"Development"}
[2025-11-17 08:54:17.436 +01:00 INF] Executed DbCommand (1ms) [Parameters=[@p0='' (Nullable = false), @p1='' (Nullable = false), @p2='' (Nullable = false), @p3='' (Nullable = false), @p4='' (Nullable = false), @p5='' (Nullable = false), @p6='2025-11-17T07:54:17.3665660Z' (DbType = DateTime), @p7='oluseun.akintayo@gmail.com' (Nullable = false) (Size = 26), @p8='Oluseun' (Nullable = false) (Size = 7), @p9='Akin' (Nullable = false) (Size = 4), @p10='$2a$11$bFWR58pbsN6OviLO1TDHZ.BoWduH5ofqfZEJ/Y/5g3Bmy6gnh3pdW' (Nullable = false) (Size = 60), @p11='' (Nullable = false), @p12=NULL (DbType = DateTime), @p13='1'], CommandType='"Text"', CommandTimeout='30']
INSERT INTO "Users" ("CompanyAddress", "CompanyCity", "CompanyCountry", "CompanyName", "CompanyState", "CompanyZipCode", "CreatedAt", "Email", "FirstName", "LastName", "PasswordHash", "PhoneNumber", "SoftDeletedAt", "Status")
VALUES (@p0, @p1, @p2, @p3, @p4, @p5, @p6, @p7, @p8, @p9, @p10, @p11, @p12, @p13)
RETURNING "Id", "IsActive", "IsArchived", "ModifiedAt"; {"EventId":{"Id":20101,"Name":"Microsoft.EntityFrameworkCore.Database.Command.CommandExecuted"},"SourceContext":"Microsoft.EntityFrameworkCore.Database.Command","ActionId":"8aca60cf-aba1-4692-9eab-b9a7faf403c3","ActionName":"invoice_backend.Controllers.AuthController.Register (invoice-backend)","RequestId":"0HNH5LP13GHQR:00000001","RequestPath":"/api/Auth/register","ConnectionId":"0HNH5LP13GHQR","MachineName":"Oluseuns-MacBook-Pro","ThreadId":22,"EnvironmentName":"Development"}
[2025-11-17 08:54:17.450 +01:00 INF] Registration successful for user: 1 with email: oluseun.akintayo@gmail.com {"SourceContext":"invoice_backend.Services.AuthService","ActionId":"8aca60cf-aba1-4692-9eab-b9a7faf403c3","ActionName":"invoice_backend.Controllers.AuthController.Register (invoice-backend)","RequestId":"0HNH5LP13GHQR:00000001","RequestPath":"/api/Auth/register","ConnectionId":"0HNH5LP13GHQR","MachineName":"Oluseuns-MacBook-Pro","ThreadId":22,"EnvironmentName":"Development"}
[2025-11-17 08:54:17.453 +01:00 INF] Sending email to oluseun.akintayo@gmail.com with subject Welcome to Invoice Backend {"SourceContext":"invoice_backend.Services.EmailService","ActionId":"8aca60cf-aba1-4692-9eab-b9a7faf403c3","ActionName":"invoice_backend.Controllers.AuthController.Register (invoice-backend)","RequestId":"0HNH5LP13GHQR:00000001","RequestPath":"/api/Auth/register","ConnectionId":"0HNH5LP13GHQR","MachineName":"Oluseuns-MacBook-Pro","ThreadId":22,"EnvironmentName":"Development"}
[2025-11-17 08:54:18.782 +01:00 ERR] Error sending email to oluseun.akintayo@gmail.com {"SourceContext":"invoice_backend.Services.EmailService","ActionId":"8aca60cf-aba1-4692-9eab-b9a7faf403c3","ActionName":"invoice_backend.Controllers.AuthController.Register (invoice-backend)","RequestId":"0HNH5LP13GHQR:00000001","RequestPath":"/api/Auth/register","ConnectionId":"0HNH5LP13GHQR","MachineName":"Oluseuns-MacBook-Pro","ThreadId":26,"EnvironmentName":"Development"}
System.Net.Mail.SmtpException: The SMTP server requires a secure connection or the client was not authenticated. The server response was: 5.7.0 Authentication Required. For more information, go to
   at System.Net.Mail.MailCommand.CheckResponse(SmtpStatusCode statusCode, String response)
   at System.Net.Mail.MailCommand.EndSend(IAsyncResult result)
   at System.Net.Mail.SendMailAsyncResult.SendMailFromCompleted(IAsyncResult result)
--- End of stack trace from previous location ---
   at System.Net.Mail.SendMailAsyncResult.End(IAsyncResult result)
   at System.Net.Mail.SmtpClient.SendMailCallback(IAsyncResult result)
--- End of stack trace from previous location ---
   at invoice_backend.Services.EmailService.SendEmailAsync(String to, String subject, String body, Boolean isHtml) in /Users/oluseun/Projects/Michaelson/invoice-backend/Services/EmailService.cs:line 65
[2025-11-17 08:54:18.801 +01:00 WRN] Failed to send welcome email to oluseun.akintayo@gmail.com {"SourceContext":"invoice_backend.Services.AuthService","ActionId":"8aca60cf-aba1-4692-9eab-b9a7faf403c3","ActionName":"invoice_backend.Controllers.AuthController.Register (invoice-backend)","RequestId":"0HNH5LP13GHQR:00000001","RequestPath":"/api/Auth/register","ConnectionId":"0HNH5LP13GHQR","MachineName":"Oluseuns-MacBook-Pro","ThreadId":26,"EnvironmentName":"Development"}
[2025-11-17 08:54:18.841 +01:00 INF] Registration successful for user: 1 {"SourceContext":"invoice_backend.Controllers.AuthController","ActionId":"8aca60cf-aba1-4692-9eab-b9a7faf403c3","ActionName":"invoice_backend.Controllers.AuthController.Register (invoice-backend)","RequestId":"0HNH5LP13GHQR:00000001","RequestPath":"/api/Auth/register","ConnectionId":"0HNH5LP13GHQR","MachineName":"Oluseuns-MacBook-Pro","ThreadId":26,"EnvironmentName":"Development"}
[2025-11-17 08:54:18.859 +01:00 INF] HTTP POST /api/Auth/register responded 201 in 3018.2895 ms {"SourceContext":"Serilog.AspNetCore.RequestLoggingMiddleware","ActionId":"8aca60cf-aba1-4692-9eab-b9a7faf403c3","ActionName":"invoice_backend.Controllers.AuthController.Register (invoice-backend)","RequestId":"0HNH5LP13GHQR:00000001","ConnectionId":"0HNH5LP13GHQR","MachineName":"Oluseuns-MacBook-Pro","ThreadId":26,"EnvironmentName":"Development"}
[2025-11-17 09:00:26.606 +01:00 INF] Starting Invoice Backend API {"MachineName":"Oluseuns-MacBook-Pro","ThreadId":1,"EnvironmentName":"Development"}
[2025-11-17 09:00:26.809 +01:00 INF] Invoice Backend API started successfully {"MachineName":"Oluseuns-MacBook-Pro","ThreadId":1,"EnvironmentName":"Development"}
[2025-11-17 09:00:51.288 +01:00 WRN] Failed to determine the https port for redirect. {"EventId":{"Id":3,"Name":"FailedToDeterminePort"},"SourceContext":"Microsoft.AspNetCore.HttpsPolicy.HttpsRedirectionMiddleware","RequestId":"0HNH5LTGISI2R:00000001","RequestPath":"/api/Auth/login","ConnectionId":"0HNH5LTGISI2R","MachineName":"Oluseuns-MacBook-Pro","ThreadId":13,"EnvironmentName":"Development"}
[2025-11-17 09:00:51.408 +01:00 INF] Login request received for email: oluseun.akintayo@gmail.com {"SourceContext":"invoice_backend.Controllers.AuthController","ActionId":"55e0aa9e-a836-477f-82fc-fef87a335ca6","ActionName":"invoice_backend.Controllers.AuthController.Login (invoice-backend)","RequestId":"0HNH5LTGISI2R:00000001","RequestPath":"/api/Auth/login","ConnectionId":"0HNH5LTGISI2R","MachineName":"Oluseuns-MacBook-Pro","ThreadId":13,"EnvironmentName":"Development"}
[2025-11-17 09:00:51.409 +01:00 INF] Login attempt for email: oluseun.akintayo@gmail.com {"SourceContext":"invoice_backend.Services.AuthService","ActionId":"55e0aa9e-a836-477f-82fc-fef87a335ca6","ActionName":"invoice_backend.Controllers.AuthController.Login (invoice-backend)","RequestId":"0HNH5LTGISI2R:00000001","RequestPath":"/api/Auth/login","ConnectionId":"0HNH5LTGISI2R","MachineName":"Oluseuns-MacBook-Pro","ThreadId":13,"EnvironmentName":"Development"}
[2025-11-17 09:00:51.611 +01:00 WRN] Sensitive data logging is enabled. Log entries and exception messages may include sensitive application data; this mode should only be enabled during development. {"EventId":{"Id":10400,"Name":"Microsoft.EntityFrameworkCore.Infrastructure.SensitiveDataLoggingEnabledWarning"},"SourceContext":"Microsoft.EntityFrameworkCore.Model.Validation","ActionId":"55e0aa9e-a836-477f-82fc-fef87a335ca6","ActionName":"invoice_backend.Controllers.AuthController.Login (invoice-backend)","RequestId":"0HNH5LTGISI2R:00000001","RequestPath":"/api/Auth/login","ConnectionId":"0HNH5LTGISI2R","MachineName":"Oluseuns-MacBook-Pro","ThreadId":13,"EnvironmentName":"Development"}
[2025-11-17 09:00:51.632 +01:00 WRN] The 'Status' property 'Status' on entity type 'Invoice' is configured with a database-generated default, but has no configured sentinel value. The database-generated default will always be used for inserts when the property has the value '0', since this is the CLR default for the 'Status' type. Consider using a nullable type, using a nullable backing field, or setting the sentinel value for the property to ensure the database default is used when, and only when, appropriate. See https://aka.ms/efcore-docs-default-values for more information. {"EventId":{"Id":20601,"Name":"Microsoft.EntityFrameworkCore.Model.Validation.BoolWithDefaultWarning"},"SourceContext":"Microsoft.EntityFrameworkCore.Model.Validation","ActionId":"55e0aa9e-a836-477f-82fc-fef87a335ca6","ActionName":"invoice_backend.Controllers.AuthController.Login (invoice-backend)","RequestId":"0HNH5LTGISI2R:00000001","RequestPath":"/api/Auth/login","ConnectionId":"0HNH5LTGISI2R","MachineName":"Oluseuns-MacBook-Pro","ThreadId":13,"EnvironmentName":"Development"}
[2025-11-17 09:00:51.632 +01:00 WRN] The 'Status' property 'Status' on entity type 'User' is configured with a database-generated default, but has no configured sentinel value. The database-generated default will always be used for inserts when the property has the value '0', since this is the CLR default for the 'Status' type. Consider using a nullable type, using a nullable backing field, or setting the sentinel value for the property to ensure the database default is used when, and only when, appropriate. See https://aka.ms/efcore-docs-default-values for more information. {"EventId":{"Id":20601,"Name":"Microsoft.EntityFrameworkCore.Model.Validation.BoolWithDefaultWarning"},"SourceContext":"Microsoft.EntityFrameworkCore.Model.Validation","ActionId":"55e0aa9e-a836-477f-82fc-fef87a335ca6","ActionName":"invoice_backend.Controllers.AuthController.Login (invoice-backend)","RequestId":"0HNH5LTGISI2R:00000001","RequestPath":"/api/Auth/login","ConnectionId":"0HNH5LTGISI2R","MachineName":"Oluseuns-MacBook-Pro","ThreadId":13,"EnvironmentName":"Development"}
[2025-11-17 09:00:51.796 +01:00 INF] Executed DbCommand (6ms) [Parameters=[@__request_Email_0='oluseun.akintayo@gmail.com' (Size = 26)], CommandType='"Text"', CommandTimeout='30']
SELECT "u"."Id", "u"."CompanyAddress", "u"."CompanyCity", "u"."CompanyCountry", "u"."CompanyName", "u"."CompanyState", "u"."CompanyZipCode", "u"."CreatedAt", "u"."Email", "u"."FirstName", "u"."IsActive", "u"."IsArchived", "u"."LastName", "u"."ModifiedAt", "u"."PasswordHash", "u"."PhoneNumber", "u"."SoftDeletedAt", "u"."Status"
FROM "Users" AS "u"
WHERE "u"."Email" = @__request_Email_0
LIMIT 1 {"EventId":{"Id":20101,"Name":"Microsoft.EntityFrameworkCore.Database.Command.CommandExecuted"},"SourceContext":"Microsoft.EntityFrameworkCore.Database.Command","ActionId":"55e0aa9e-a836-477f-82fc-fef87a335ca6","ActionName":"invoice_backend.Controllers.AuthController.Login (invoice-backend)","RequestId":"0HNH5LTGISI2R:00000001","RequestPath":"/api/Auth/login","ConnectionId":"0HNH5LTGISI2R","MachineName":"Oluseuns-MacBook-Pro","ThreadId":13,"EnvironmentName":"Development"}
[2025-11-17 09:00:52.077 +01:00 INF] Login successful for user: 1 with email: oluseun.akintayo@gmail.com {"SourceContext":"invoice_backend.Services.AuthService","ActionId":"55e0aa9e-a836-477f-82fc-fef87a335ca6","ActionName":"invoice_backend.Controllers.AuthController.Login (invoice-backend)","RequestId":"0HNH5LTGISI2R:00000001","RequestPath":"/api/Auth/login","ConnectionId":"0HNH5LTGISI2R","MachineName":"Oluseuns-MacBook-Pro","ThreadId":13,"EnvironmentName":"Development"}
[2025-11-17 09:00:52.086 +01:00 INF] Login successful for user: 1 {"SourceContext":"invoice_backend.Controllers.AuthController","ActionId":"55e0aa9e-a836-477f-82fc-fef87a335ca6","ActionName":"invoice_backend.Controllers.AuthController.Login (invoice-backend)","RequestId":"0HNH5LTGISI2R:00000001","RequestPath":"/api/Auth/login","ConnectionId":"0HNH5LTGISI2R","MachineName":"Oluseuns-MacBook-Pro","ThreadId":13,"EnvironmentName":"Development"}
[2025-11-17 09:00:52.098 +01:00 INF] HTTP POST /api/Auth/login responded 200 in 813.8700 ms {"SourceContext":"Serilog.AspNetCore.RequestLoggingMiddleware","RequestId":"0HNH5LTGISI2R:00000001","ConnectionId":"0HNH5LTGISI2R","MachineName":"Oluseuns-MacBook-Pro","ThreadId":13,"EnvironmentName":"Development"}
[2025-11-17 09:01:01.761 +01:00 INF] Login request received for email: oluseun.akintayo@gmail.com {"SourceContext":"invoice_backend.Controllers.AuthController","ActionId":"55e0aa9e-a836-477f-82fc-fef87a335ca6","ActionName":"invoice_backend.Controllers.AuthController.Login (invoice-backend)","RequestId":"0HNH5LTGISI2S:00000001","RequestPath":"/api/Auth/login","ConnectionId":"0HNH5LTGISI2S","MachineName":"Oluseuns-MacBook-Pro","ThreadId":9,"EnvironmentName":"Development"}
[2025-11-17 09:01:01.762 +01:00 INF] Login attempt for email: oluseun.akintayo@gmail.com {"SourceContext":"invoice_backend.Services.AuthService","ActionId":"55e0aa9e-a836-477f-82fc-fef87a335ca6","ActionName":"invoice_backend.Controllers.AuthController.Login (invoice-backend)","RequestId":"0HNH5LTGISI2S:00000001","RequestPath":"/api/Auth/login","ConnectionId":"0HNH5LTGISI2S","MachineName":"Oluseuns-MacBook-Pro","ThreadId":9,"EnvironmentName":"Development"}
[2025-11-17 09:01:01.782 +01:00 INF] Executed DbCommand (0ms) [Parameters=[@__request_Email_0='oluseun.akintayo@gmail.com' (Size = 26)], CommandType='"Text"', CommandTimeout='30']
SELECT "u"."Id", "u"."CompanyAddress", "u"."CompanyCity", "u"."CompanyCountry", "u"."CompanyName", "u"."CompanyState", "u"."CompanyZipCode", "u"."CreatedAt", "u"."Email", "u"."FirstName", "u"."IsActive", "u"."IsArchived", "u"."LastName", "u"."ModifiedAt", "u"."PasswordHash", "u"."PhoneNumber", "u"."SoftDeletedAt", "u"."Status"
FROM "Users" AS "u"
WHERE "u"."Email" = @__request_Email_0
LIMIT 1 {"EventId":{"Id":20101,"Name":"Microsoft.EntityFrameworkCore.Database.Command.CommandExecuted"},"SourceContext":"Microsoft.EntityFrameworkCore.Database.Command","ActionId":"55e0aa9e-a836-477f-82fc-fef87a335ca6","ActionName":"invoice_backend.Controllers.AuthController.Login (invoice-backend)","RequestId":"0HNH5LTGISI2S:00000001","RequestPath":"/api/Auth/login","ConnectionId":"0HNH5LTGISI2S","MachineName":"Oluseuns-MacBook-Pro","ThreadId":9,"EnvironmentName":"Development"}
[2025-11-17 09:01:02.032 +01:00 WRN] Login failed: Invalid password for user oluseun.akintayo@gmail.com {"SourceContext":"invoice_backend.Services.AuthService","ActionId":"55e0aa9e-a836-477f-82fc-fef87a335ca6","ActionName":"invoice_backend.Controllers.AuthController.Login (invoice-backend)","RequestId":"0HNH5LTGISI2S:00000001","RequestPath":"/api/Auth/login","ConnectionId":"0HNH5LTGISI2S","MachineName":"Oluseuns-MacBook-Pro","ThreadId":9,"EnvironmentName":"Development"}
[2025-11-17 09:01:02.034 +01:00 WRN] Login failed: Invalid credentials {"SourceContext":"invoice_backend.Controllers.AuthController","ActionId":"55e0aa9e-a836-477f-82fc-fef87a335ca6","ActionName":"invoice_backend.Controllers.AuthController.Login (invoice-backend)","RequestId":"0HNH5LTGISI2S:00000001","RequestPath":"/api/Auth/login","ConnectionId":"0HNH5LTGISI2S","MachineName":"Oluseuns-MacBook-Pro","ThreadId":9,"EnvironmentName":"Development"}
System.UnauthorizedAccessException: Invalid email or password
   at invoice_backend.Services.AuthService.LoginAsync(LoginRequest request) in /Users/oluseun/Projects/Michaelson/invoice-backend/Services/AuthService.cs:line 61
   at invoice_backend.Controllers.AuthController.Login(LoginRequest request) in /Users/oluseun/Projects/Michaelson/invoice-backend/Controllers/AuthController.cs:line 35
[2025-11-17 09:01:02.045 +01:00 INF] HTTP POST /api/Auth/login responded 401 in 293.0395 ms {"SourceContext":"Serilog.AspNetCore.RequestLoggingMiddleware","RequestId":"0HNH5LTGISI2S:00000001","ConnectionId":"0HNH5LTGISI2S","MachineName":"Oluseuns-MacBook-Pro","ThreadId":9,"EnvironmentName":"Development"}
[2025-11-17 09:01:15.193 +01:00 INF] Login request received for email: oluseun.akintayo@gail.com {"SourceContext":"invoice_backend.Controllers.AuthController","ActionId":"55e0aa9e-a836-477f-82fc-fef87a335ca6","ActionName":"invoice_backend.Controllers.AuthController.Login (invoice-backend)","RequestId":"0HNH5LTGISI2T:00000001","RequestPath":"/api/Auth/login","ConnectionId":"0HNH5LTGISI2T","MachineName":"Oluseuns-MacBook-Pro","ThreadId":9,"EnvironmentName":"Development"}
[2025-11-17 09:01:15.194 +01:00 INF] Login attempt for email: oluseun.akintayo@gail.com {"SourceContext":"invoice_backend.Services.AuthService","ActionId":"55e0aa9e-a836-477f-82fc-fef87a335ca6","ActionName":"invoice_backend.Controllers.AuthController.Login (invoice-backend)","RequestId":"0HNH5LTGISI2T:00000001","RequestPath":"/api/Auth/login","ConnectionId":"0HNH5LTGISI2T","MachineName":"Oluseuns-MacBook-Pro","ThreadId":9,"EnvironmentName":"Development"}
[2025-11-17 09:01:15.222 +01:00 INF] Executed DbCommand (0ms) [Parameters=[@__request_Email_0='oluseun.akintayo@gail.com' (Size = 25)], CommandType='"Text"', CommandTimeout='30']
SELECT "u"."Id", "u"."CompanyAddress", "u"."CompanyCity", "u"."CompanyCountry", "u"."CompanyName", "u"."CompanyState", "u"."CompanyZipCode", "u"."CreatedAt", "u"."Email", "u"."FirstName", "u"."IsActive", "u"."IsArchived", "u"."LastName", "u"."ModifiedAt", "u"."PasswordHash", "u"."PhoneNumber", "u"."SoftDeletedAt", "u"."Status"
FROM "Users" AS "u"
WHERE "u"."Email" = @__request_Email_0
LIMIT 1 {"EventId":{"Id":20101,"Name":"Microsoft.EntityFrameworkCore.Database.Command.CommandExecuted"},"SourceContext":"Microsoft.EntityFrameworkCore.Database.Command","ActionId":"55e0aa9e-a836-477f-82fc-fef87a335ca6","ActionName":"invoice_backend.Controllers.AuthController.Login (invoice-backend)","RequestId":"0HNH5LTGISI2T:00000001","RequestPath":"/api/Auth/login","ConnectionId":"0HNH5LTGISI2T","MachineName":"Oluseuns-MacBook-Pro","ThreadId":9,"EnvironmentName":"Development"}
[2025-11-17 09:01:15.222 +01:00 WRN] Login failed: User with email oluseun.akintayo@gail.com not found {"SourceContext":"invoice_backend.Services.AuthService","ActionId":"55e0aa9e-a836-477f-82fc-fef87a335ca6","ActionName":"invoice_backend.Controllers.AuthController.Login (invoice-backend)","RequestId":"0HNH5LTGISI2T:00000001","RequestPath":"/api/Auth/login","ConnectionId":"0HNH5LTGISI2T","MachineName":"Oluseuns-MacBook-Pro","ThreadId":9,"EnvironmentName":"Development"}
[2025-11-17 09:01:15.223 +01:00 WRN] Login failed: Invalid credentials {"SourceContext":"invoice_backend.Controllers.AuthController","ActionId":"55e0aa9e-a836-477f-82fc-fef87a335ca6","ActionName":"invoice_backend.Controllers.AuthController.Login (invoice-backend)","RequestId":"0HNH5LTGISI2T:00000001","RequestPath":"/api/Auth/login","ConnectionId":"0HNH5LTGISI2T","MachineName":"Oluseuns-MacBook-Pro","ThreadId":9,"EnvironmentName":"Development"}
System.UnauthorizedAccessException: Invalid email or password
   at invoice_backend.Services.AuthService.LoginAsync(LoginRequest request) in /Users/oluseun/Projects/Michaelson/invoice-backend/Services/AuthService.cs:line 55
   at invoice_backend.Controllers.AuthController.Login(LoginRequest request) in /Users/oluseun/Projects/Michaelson/invoice-backend/Controllers/AuthController.cs:line 35
[2025-11-17 09:01:15.223 +01:00 INF] HTTP POST /api/Auth/login responded 401 in 46.1766 ms {"SourceContext":"Serilog.AspNetCore.RequestLoggingMiddleware","RequestId":"0HNH5LTGISI2T:00000001","ConnectionId":"0HNH5LTGISI2T","MachineName":"Oluseuns-MacBook-Pro","ThreadId":9,"EnvironmentName":"Development"}
[2025-11-17 09:01:30.594 +01:00 INF] Retrieving all users {"SourceContext":"invoice_backend.Controllers.UserController","ActionId":"b3eff587-7020-48f8-b820-9c5f0b177dfe","ActionName":"invoice_backend.Controllers.UserController.GetAllUsers (invoice-backend)","RequestId":"0HNH5LTGISI2U:00000001","RequestPath":"/api/User","ConnectionId":"0HNH5LTGISI2U","MachineName":"Oluseuns-MacBook-Pro","ThreadId":9,"EnvironmentName":"Development"}
[2025-11-17 09:01:30.609 +01:00 INF] Executed DbCommand (0ms) [Parameters=[], CommandType='"Text"', CommandTimeout='30']
SELECT "u"."Id", "u"."CompanyAddress", "u"."CompanyCity", "u"."CompanyCountry", "u"."CompanyName", "u"."CompanyState", "u"."CompanyZipCode", "u"."CreatedAt", "u"."Email", "u"."FirstName", "u"."IsActive", "u"."IsArchived", "u"."LastName", "u"."ModifiedAt", "u"."PasswordHash", "u"."PhoneNumber", "u"."SoftDeletedAt", "u"."Status"
FROM "Users" AS "u" {"EventId":{"Id":20101,"Name":"Microsoft.EntityFrameworkCore.Database.Command.CommandExecuted"},"SourceContext":"Microsoft.EntityFrameworkCore.Database.Command","ActionId":"b3eff587-7020-48f8-b820-9c5f0b177dfe","ActionName":"invoice_backend.Controllers.UserController.GetAllUsers (invoice-backend)","RequestId":"0HNH5LTGISI2U:00000001","RequestPath":"/api/User","ConnectionId":"0HNH5LTGISI2U","MachineName":"Oluseuns-MacBook-Pro","ThreadId":9,"EnvironmentName":"Development"}
[2025-11-17 09:01:30.610 +01:00 INF] Retrieved 1 users {"SourceContext":"invoice_backend.Controllers.UserController","ActionId":"b3eff587-7020-48f8-b820-9c5f0b177dfe","ActionName":"invoice_backend.Controllers.UserController.GetAllUsers (invoice-backend)","RequestId":"0HNH5LTGISI2U:00000001","RequestPath":"/api/User","ConnectionId":"0HNH5LTGISI2U","MachineName":"Oluseuns-MacBook-Pro","ThreadId":9,"EnvironmentName":"Development"}
[2025-11-17 09:01:30.617 +01:00 INF] HTTP GET /api/User responded 200 in 39.6513 ms {"SourceContext":"Serilog.AspNetCore.RequestLoggingMiddleware","RequestId":"0HNH5LTGISI2U:00000001","ConnectionId":"0HNH5LTGISI2U","MachineName":"Oluseuns-MacBook-Pro","ThreadId":9,"EnvironmentName":"Development"}
[2025-11-17 09:05:25.140 +01:00 INF] Retrieving user with ID: 1 {"SourceContext":"invoice_backend.Controllers.UserController","ActionId":"96eaa5a1-dc89-4e60-9e48-c38c697ab284","ActionName":"invoice_backend.Controllers.UserController.GetUserById (invoice-backend)","RequestId":"0HNH5LTGISI2V:00000001","RequestPath":"/api/User/1","ConnectionId":"0HNH5LTGISI2V","MachineName":"Oluseuns-MacBook-Pro","ThreadId":22,"EnvironmentName":"Development"}
[2025-11-17 09:05:25.149 +01:00 INF] Executed DbCommand (1ms) [Parameters=[@__id_0='1'], CommandType='"Text"', CommandTimeout='30']
SELECT "u"."Id", "u"."CompanyAddress", "u"."CompanyCity", "u"."CompanyCountry", "u"."CompanyName", "u"."CompanyState", "u"."CompanyZipCode", "u"."CreatedAt", "u"."Email", "u"."FirstName", "u"."IsActive", "u"."IsArchived", "u"."LastName", "u"."ModifiedAt", "u"."PasswordHash", "u"."PhoneNumber", "u"."SoftDeletedAt", "u"."Status"
FROM "Users" AS "u"
WHERE "u"."Id" = @__id_0
LIMIT 1 {"EventId":{"Id":20101,"Name":"Microsoft.EntityFrameworkCore.Database.Command.CommandExecuted"},"SourceContext":"Microsoft.EntityFrameworkCore.Database.Command","ActionId":"96eaa5a1-dc89-4e60-9e48-c38c697ab284","ActionName":"invoice_backend.Controllers.UserController.GetUserById (invoice-backend)","RequestId":"0HNH5LTGISI2V:00000001","RequestPath":"/api/User/1","ConnectionId":"0HNH5LTGISI2V","MachineName":"Oluseuns-MacBook-Pro","ThreadId":22,"EnvironmentName":"Development"}
[2025-11-17 09:05:25.150 +01:00 INF] Successfully retrieved user with ID: 1 {"SourceContext":"invoice_backend.Controllers.UserController","ActionId":"96eaa5a1-dc89-4e60-9e48-c38c697ab284","ActionName":"invoice_backend.Controllers.UserController.GetUserById (invoice-backend)","RequestId":"0HNH5LTGISI2V:00000001","RequestPath":"/api/User/1","ConnectionId":"0HNH5LTGISI2V","MachineName":"Oluseuns-MacBook-Pro","ThreadId":22,"EnvironmentName":"Development"}
[2025-11-17 09:05:25.151 +01:00 INF] HTTP GET /api/User/1 responded 200 in 20.2147 ms {"SourceContext":"Serilog.AspNetCore.RequestLoggingMiddleware","RequestId":"0HNH5LTGISI2V:00000001","ConnectionId":"0HNH5LTGISI2V","MachineName":"Oluseuns-MacBook-Pro","ThreadId":22,"EnvironmentName":"Development"}
[2025-11-17 09:06:04.910 +01:00 INF] HTTP GET /api/Invoice responded 401 in 8.5785 ms {"SourceContext":"Serilog.AspNetCore.RequestLoggingMiddleware","RequestId":"0HNH5LTGISI30:00000001","ConnectionId":"0HNH5LTGISI30","MachineName":"Oluseuns-MacBook-Pro","ThreadId":24,"EnvironmentName":"Development"}
